EAST (x,y) (0, 0)
EAST (x,y) (1, 0)
NORTH (x,y) (1, 1)
NORTH (x,y) (1, 4)
SOUTH (x,y) (1, 3)
WEST (x,y) (0, 3)
WEST (x,y) (0, 3)
EAST (x,y) (0, 3)
EAST (x,y) (4, 3)
